// Jest Snapshot v1, https://goo.gl/fbAQLP

exports[`<List /> Snapshot testing List 1`] = `
<DocumentFragment>
  <ul
    class="sc-bdnylx kwNexU"
    data-testid="list-container"
  >
    <span
      class="sc-dlnjPT gjEzGg"
    />
    <li
      class="sc-gtssRu ksetYp"
    >
      mocked
    </li>
  </ul>
</DocumentFragment>
`;
